Archive member included because of file (symbol)

/Developer/Marmalade/5.2/s3e/edk/lib/android/libedk.a(IwDebug.o)
                              debug/s3eNOpenFeint_platform.os (IwDebugTraceSetTraceChannel)
/Developer/Marmalade/5.2/s3e/edk/lib/android/libedk.a(edk_helpers.o)
                              debug/s3eNOpenFeint_platform.os (s3eEdkThreadRunOnOS)

Discarded input sections

 _ZN7_JNIEnv9FindClassEPKc
                0x00000000        0x0 debug/s3eNOpenFeint_platform.os
 _ZN7_JNIEnv17ExceptionOccurredEv
                0x00000000        0x0 debug/s3eNOpenFeint_platform.os
 _ZN7_JNIEnv17ExceptionDescribeEv
                0x00000000        0x0 debug/s3eNOpenFeint_platform.os
 _ZN7_JNIEnv14ExceptionClearEv
                0x00000000        0x0 debug/s3eNOpenFeint_platform.os
 _ZN7_JNIEnv12NewGlobalRefEP8_jobject
                0x00000000        0x0 debug/s3eNOpenFeint_platform.os
 _ZN7_JNIEnv15DeleteGlobalRefEP8_jobject
                0x00000000        0x0 debug/s3eNOpenFeint_platform.os
 _ZN7_JNIEnv14DeleteLocalRefEP8_jobject
                0x00000000        0x0 debug/s3eNOpenFeint_platform.os
 _ZN7_JNIEnv9NewObjectEP7_jclassP10_jmethodIDz
                0x00000000        0x0 debug/s3eNOpenFeint_platform.os
 _ZN7_JNIEnv11GetMethodIDEP7_jclassPKcS3_
                0x00000000        0x0 debug/s3eNOpenFeint_platform.os
 _ZN7_JNIEnv17CallBooleanMethodEP8_jobjectP10_jmethodIDz
                0x00000000        0x0 debug/s3eNOpenFeint_platform.os
 _ZN7_JNIEnv13CallIntMethodEP8_jobjectP10_jmethodIDz
                0x00000000        0x0 debug/s3eNOpenFeint_platform.os
 _ZN7_JNIEnv12NewStringUTFEPKc
                0x00000000        0x0 debug/s3eNOpenFeint_platform.os
 _ZN7_JavaVM6GetEnvEPPvi
                0x00000000        0x0 debug/s3eNOpenFeint_platform.os
 .note.GNU-stack
                0x00000000        0x0 debug/s3eNOpenFeint_platform.os
 .note.GNU-stack
                0x00000000        0x0 debug/s3eNOpenFeint.os
 .note.GNU-stack
                0x00000000        0x0 debug/s3eNOpenFeint_register.os
 .note.GNU-stack
                0x00000000        0x0 /Developer/Marmalade/5.2/s3e/edk/lib/android/libedk.a(IwDebug.o)
 .note.GNU-stack
                0x00000000        0x0 /Developer/Marmalade/5.2/s3e/edk/lib/android/libedk.a(edk_helpers.o)

Memory Configuration

Name             Origin             Length             Attributes
*default*        0x00000000         0xffffffff

Linker script and memory map

LOAD debug/s3eNOpenFeint_platform.os
LOAD debug/s3eNOpenFeint.os
LOAD debug/s3eNOpenFeint_register.os
LOAD /Developer/Marmalade/5.2/s3e/edk/lib/android/libedk.a
LOAD /Developer/Marmalade/5.2/s3e/edk/lib/android/libplaceholderplaceholderplaceholderplaceholderplaceholder.so
LOAD /Volumes/mac_hd_2/Developer/android-ndk-r6b/platforms/android-9/arch-arm/usr/lib/libc.so
LOAD /Volumes/mac_hd_2/Developer/android-ndk-r6b/platforms/android-9/arch-arm/usr/lib/libm.so
LOAD /Volumes/mac_hd_2/Developer/android-ndk-r6b/platforms/android-9/arch-arm/usr/lib/liblog.so
LOAD /Volumes/mac_hd_2/Developer/android-ndk-r6b/sources/cxx-stl/gnu-libstdc++/libs/armeabi/libstdc++.a
LOAD /Volumes/mac_hd_2/Developer/android-ndk-r6b/toolchains/arm-linux-androideabi-4.4.3/prebuilt/darwin-x86/bin/../lib/gcc/arm-linux-androideabi/4.4.3/libgcc.a
                0x000000d4                . = (0x0 + SIZEOF_HEADERS)

.note.gnu.build-id
 *(.note.gnu.build-id)

.hash           0x000000d4      0x144
 *(.hash)
 .hash          0x000000d4      0x144 debug/s3eNOpenFeint_platform.os

.gnu.hash
 *(.gnu.hash)

.dynsym         0x00000218      0x2a0
 *(.dynsym)
 .dynsym        0x00000218      0x2a0 debug/s3eNOpenFeint_platform.os

.dynstr         0x000004b8      0x265
 *(.dynstr)
 .dynstr        0x000004b8      0x265 debug/s3eNOpenFeint_platform.os

.gnu.version    0x0000071e        0x0 load address 0x0000071d
 *(.gnu.version)
 .gnu.version   0x00000000        0x0 debug/s3eNOpenFeint_platform.os

.gnu.version_d  0x00000720        0x0 load address 0x0000071d
 *(.gnu.version_d)
 .gnu.version_d
                0x00000000        0x0 debug/s3eNOpenFeint_platform.os

.gnu.version_r  0x00000720        0x0 load address 0x0000071d
 *(.gnu.version_r)
 .gnu.version_r
                0x00000000        0x0 debug/s3eNOpenFeint_platform.os

.rel.dyn        0x00000720      0x250
 *(.rel.init)
 *(.rel.text .rel.text.* .rel.gnu.linkonce.t.*)
 .rel.text.IwAssertRegisterTextCallback
                0x00000720        0x8 debug/s3eNOpenFeint_platform.os
 .rel.text.IwAssertRegisterCallback
                0x00000728        0x8 debug/s3eNOpenFeint_platform.os
 .rel.text.IwDebugTraceSetTraceChannel
                0x00000730        0x8 debug/s3eNOpenFeint_platform.os
 .rel.text.IwDebugErrorRegisterCallback
                0x00000738        0x8 debug/s3eNOpenFeint_platform.os
 .rel.text.IwDebugAssertSetUID
                0x00000740        0x8 debug/s3eNOpenFeint_platform.os
 .rel.text._GLOBAL__I_g_DebugGlobals
                0x00000748        0x8 debug/s3eNOpenFeint_platform.os
 .rel.text.IwDebugClearConfigCache
                0x00000750        0x8 debug/s3eNOpenFeint_platform.os
 .rel.text.IwDebugErrorShow
                0x00000758       0x10 debug/s3eNOpenFeint_platform.os
 .rel.text.IwDebugTraceLineVPrintf
                0x00000768       0x20 debug/s3eNOpenFeint_platform.os
 .rel.text.IwDebugTraceIsChannelOn
                0x00000788       0x18 debug/s3eNOpenFeint_platform.os
 .rel.text.IwDebugAssertIsChannelOn
                0x000007a0       0x10 debug/s3eNOpenFeint_platform.os
 .rel.text.IwDebugAssertSetMessage
                0x000007b0       0x20 debug/s3eNOpenFeint_platform.os
 .rel.text.IwDebugAssertSetSolution
                0x000007d0       0x18 debug/s3eNOpenFeint_platform.os
 .rel.text.IwDebugAssertShow
                0x000007e8       0x48 debug/s3eNOpenFeint_platform.os
 .rel.text.IwDebugTraceChannelSwitch
                0x00000830       0x18 debug/s3eNOpenFeint_platform.os
 *(.rel.fini)
 *(.rel.rodata .rel.rodata.* .rel.gnu.linkonce.r.*)
 *(.rel.data.rel.ro* .rel.gnu.linkonce.d.rel.ro.*)
 *(.rel.data .rel.data.* .rel.gnu.linkonce.d.*)
 *(.rel.tdata .rel.tdata.* .rel.gnu.linkonce.td.*)
 *(.rel.tbss .rel.tbss.* .rel.gnu.linkonce.tb.*)
 *(.rel.ctors)
 *(.rel.dtors)
 *(.rel.got)
 .rel.got       0x00000848      0x120 debug/s3eNOpenFeint_platform.os
 *(.rel.bss .rel.bss.* .rel.gnu.linkonce.b.*)
 .rel.init_array
                0x00000968        0x8 debug/s3eNOpenFeint_platform.os

.rela.dyn
 *(.rela.init)
 *(.rela.text .rela.text.* .rela.gnu.linkonce.t.*)
 *(.rela.fini)
 *(.rela.rodata .rela.rodata.* .rela.gnu.linkonce.r.*)
 *(.rela.data .rela.data.* .rela.gnu.linkonce.d.*)
 *(.rela.tdata .rela.tdata.* .rela.gnu.linkonce.td.*)
 *(.rela.tbss .rela.tbss.* .rela.gnu.linkonce.tb.*)
 *(.rela.ctors)
 *(.rela.dtors)
 *(.rela.got)
 *(.rela.bss .rela.bss.* .rela.gnu.linkonce.b.*)

.rel.plt        0x00000970       0xd0
 *(.rel.plt)
 .rel.plt       0x00000970       0xd0 debug/s3eNOpenFeint_platform.os

.rela.plt
 *(.rela.plt)

.init
 *(.init)

.plt            0x00000a40      0x14c
 *(.plt)
 .plt           0x00000a40      0x14c debug/s3eNOpenFeint_platform.os

.text           0x00000b8c     0x5140
 *(.text .stub .text.* .gnu.linkonce.t.*)
 .text          0x00000b8c     0x1e38 debug/s3eNOpenFeint_platform.os
                0x00002640                _Z51s3eNOFupdateAcheivementProgressionComplete_platformPKcS0_b
                0x00002264                _Z35s3eNOFhasUserApprovedFeint_platformv
                0x000028a0                _Z41s3eNOFsubmitDeferredAchievements_platformv
                0x00002100                _Z23s3eNOFshutdown_platformv
                0x00001f60                _Z44s3eNOFlaunchDashboardWithInvitePage_platformv
                0x00001eb0                _Z48s3eNOFlaunchDashboardWithSwitchUserPage_platformv
                0x00002740                _Z26s3eNOFachievement_platformP17s3eNOFAchievementPKc
                0x00002208                _Z38s3eNOFsetDashboardOrientation_platform28s3eNOFUIInterfaceOrientation
                0x00001ac0                _Z31s3eNOpenFeintTerminate_platformv
                0x00001fb8                _Z48s3eNOFlaunchDashboardWithSpecificInvite_platformPKc
                0x00002158                _Z30s3eNOFlaunchDashboard_platformv
                0x00000c8c                _Z26s3eNOpenFeintInit_platformv
                0x0000202c                _Z72s3eNOFlaunchDashboardWithSocialNotificationWithPrepopulatedText_platformPKcS0_S0_S0_
                0x000028f8                _Z73s3eNOFapplicationDidRegisterForRemoteNotificationsWithDeviceToke_platformPKc
                0x0000256c                _Z30s3eNOFsubmitHighScore_platformPKcS0_S0_S0_
                0x00001cdc                _Z48s3eNOFlaunchDashboardWithChallengesPage_platformv
                0x0000282c                _Z40s3eNOFachievementUnlockAndDefer_platformPKc
                0x000021b0                _Z31s3eNOFdismissDashboard_platformv
                0x00001ac4                _Z25s3eNewMessageBox_platformPKcS0_
                0x000026e4                _Z27s3eNOFachievements_platformP11s3eNOFArray
                0x000027b8                _Z32s3eNOFachievementUnlock_platformPKc
                0x00002390                _Z46s3eNOFdownloadAllChallengeDefinitions_platformv
                0x000023e8                _Z48s3eNOFdownloadChallengeDefinitionWithId_platformPKc
                0x00002314                _Z38s3eNOFdisplayAndSendChallenge_platformP25s3eNOFChallengeDefinitionPKcPK19s3eNOFChallengeData
                0x00001c10                _Z47s3eNOFlaunchDashboardWithHighscorePage_platformPKc
                0x00001e3c                _Z47s3eNOFlaunchDashboardWithiPurchasePage_platformPKc
                0x00001d34                _Z49s3eNOFlaunchDashboardWithFindFriendsPage_platformv
                0x00001de4                _Z57s3eNOFlaunchDashboardWithListGlobalChatRoomsPage_platformv
                0x000024d4                _Z49s3eNOFchallengeDisplayCompletionWithData_platformP19s3eNOFChallengeDataPKcS2_
                0x0000245c                _Z42s3eNOFchallengeCompleteWithResult_platform21s3eNOFChallengeResultPKc
                0x00001d8c                _Z49s3eNOFlaunchDashboardWithWhosPlayingPage_platformv
                0x00001b58                _Z39s3eNOFinitializeWithProductKey_platformPKcS0_S0_PK11s3eNOFArray
                0x0000296c                _Z54s3eNOFlaunchDashboardWithListLeaderboardsPage_platformv
                0x00001c84                _Z50s3eNOFlaunchDashboardWithAchievementsPage_platformv
                0x00001f08                _Z44s3eNOFlaunchDashboardWithForumsPage_platformv
                0x000022bc                _Z23s3eNOFisOnline_platformv
 .text._ZN7_JNIEnv9FindClassEPKc
                0x000029c4       0x40 debug/s3eNOpenFeint_platform.os
                0x000029c4                _ZN7_JNIEnv9FindClassEPKc
 .text._ZN7_JNIEnv17ExceptionOccurredEv
                0x00002a04       0x38 debug/s3eNOpenFeint_platform.os
                0x00002a04                _ZN7_JNIEnv17ExceptionOccurredEv
 .text._ZN7_JNIEnv17ExceptionDescribeEv
                0x00002a3c       0x30 debug/s3eNOpenFeint_platform.os
                0x00002a3c                _ZN7_JNIEnv17ExceptionDescribeEv
 .text._ZN7_JNIEnv14ExceptionClearEv
                0x00002a6c       0x30 debug/s3eNOpenFeint_platform.os
                0x00002a6c                _ZN7_JNIEnv14ExceptionClearEv
 .text._ZN7_JNIEnv12NewGlobalRefEP8_jobject
                0x00002a9c       0x40 debug/s3eNOpenFeint_platform.os
                0x00002a9c                _ZN7_JNIEnv12NewGlobalRefEP8_jobject
 .text._ZN7_JNIEnv15DeleteGlobalRefEP8_jobject
                0x00002adc       0x38 debug/s3eNOpenFeint_platform.os
                0x00002adc                _ZN7_JNIEnv15DeleteGlobalRefEP8_jobject
 .text._ZN7_JNIEnv14DeleteLocalRefEP8_jobject
                0x00002b14       0x38 debug/s3eNOpenFeint_platform.os
                0x00002b14                _ZN7_JNIEnv14DeleteLocalRefEP8_jobject
 .text._ZN7_JNIEnv9NewObjectEP7_jclassP10_jmethodIDz
                0x00002b4c       0x60 debug/s3eNOpenFeint_platform.os
                0x00002b4c                _ZN7_JNIEnv9NewObjectEP7_jclassP10_jmethodIDz
 .text._ZN7_JNIEnv11GetMethodIDEP7_jclassPKcS3_
                0x00002bac       0x50 debug/s3eNOpenFeint_platform.os
                0x00002bac                _ZN7_JNIEnv11GetMethodIDEP7_jclassPKcS3_
 .text._ZN7_JNIEnv17CallBooleanMethodEP8_jobjectP10_jmethodIDz
                0x00002bfc       0x60 debug/s3eNOpenFeint_platform.os
                0x00002bfc                _ZN7_JNIEnv17CallBooleanMethodEP8_jobjectP10_jmethodIDz
 .text._ZN7_JNIEnv13CallIntMethodEP8_jobjectP10_jmethodIDz
                0x00002c5c       0x60 debug/s3eNOpenFeint_platform.os
                0x00002c5c                _ZN7_JNIEnv13CallIntMethodEP8_jobjectP10_jmethodIDz
 .text._ZN7_JNIEnv12NewStringUTFEPKc
                0x00002cbc       0x40 debug/s3eNOpenFeint_platform.os
                0x00002cbc                _ZN7_JNIEnv12NewStringUTFEPKc
 .text._ZN7_JavaVM6GetEnvEPPvi
                0x00002cfc       0x48 debug/s3eNOpenFeint_platform.os
                0x00002cfc                _ZN7_JavaVM6GetEnvEPPvi
 .text          0x00002d44      0x510 debug/s3eNOpenFeint.os
                0x000031fc                s3eNOFsubmitDeferredAchievements
                0x000031ac                s3eNOFachievementUnlock
                0x00002e4c                s3eNOFlaunchDashboardWithWhosPlayingPage
                0x00002ea4                s3eNOFlaunchDashboardWithSwitchUserPage
                0x00003214                s3eNOFapplicationDidRegisterForRemoteNotificationsWithDeviceToke
                0x00002e1c                s3eNOFlaunchDashboardWithChallengesPage
                0x00003154                s3eNOFachievements
                0x000031d4                s3eNOFachievementUnlockAndDefer
                0x0000309c                s3eNOFchallengeDisplayCompletionWithData
                0x000030d4                s3eNOFsubmitHighScore
                0x00002d6c                s3eNewMessageBox
                0x00002ddc                s3eNOFlaunchDashboardWithHighscorePage
                0x00002ed4                s3eNOFlaunchDashboardWithInvitePage
                0x00002d9c                s3eNOFinitializeWithProductKey
                0x0000302c                s3eNOFdownloadAllChallengeDefinitions
                0x00002d5c                _Z22s3eNOpenFeintTerminatev
                0x00003044                s3eNOFdownloadChallengeDefinitionWithId
                0x00002f9c                s3eNOFsetDashboardOrientation
                0x00002f84                s3eNOFdismissDashboard
                0x00002f54                s3eNOFshutdown
                0x00002fdc                s3eNOFisOnline
                0x00002d44                _Z17s3eNOpenFeintInitv
                0x00002ff4                s3eNOFdisplayAndSendChallenge
                0x0000323c                s3eNOFlaunchDashboardWithListLeaderboardsPage
                0x00002eec                s3eNOFlaunchDashboardWithSpecificInvite
                0x00002fc4                s3eNOFhasUserApprovedFeint
                0x00002f6c                s3eNOFlaunchDashboard
                0x00002e34                s3eNOFlaunchDashboardWithFindFriendsPage
                0x00003114                s3eNOFupdateAcheivementProgressionComplete
                0x00002e04                s3eNOFlaunchDashboardWithAchievementsPage
                0x00002ebc                s3eNOFlaunchDashboardWithForumsPage
                0x0000317c                s3eNOFachievement
                0x00002f14                s3eNOFlaunchDashboardWithSocialNotificationWithPrepopulatedText
                0x0000306c                s3eNOFchallengeCompleteWithResult
                0x00002e64                s3eNOFlaunchDashboardWithListGlobalChatRoomsPage
                0x00002e7c                s3eNOFlaunchDashboardWithiPurchasePage
 .text          0x00003254     0x1960 debug/s3eNOpenFeint_register.os
                0x00004874                s3eNOpenFeintUnRegister
                0x00004820                s3eNOpenFeintRegister
                0x00003254                s3eNOpenFeintGetErrorString
                0x000048bc                _Z24s3eNOpenFeintRegisterExtv
                0x00003260                s3eNOpenFeintGetError
                0x00004ba4                RegisterExt
 .text          0x00004bb4        0x0 /Developer/Marmalade/5.2/s3e/edk/lib/android/libedk.a(IwDebug.o)
 .text.IwAssertRegisterTextCallback
                0x00004bb4       0x18 /Developer/Marmalade/5.2/s3e/edk/lib/android/libedk.a(IwDebug.o)
                0x00004bb4                IwAssertRegisterTextCallback
 .text.IwAssertRegisterCallback
                0x00004bcc       0x18 /Developer/Marmalade/5.2/s3e/edk/lib/android/libedk.a(IwDebug.o)
                0x00004bcc                IwAssertRegisterCallback
 .text.IwDebugTraceSetTraceChannel
                0x00004be4       0x18 /Developer/Marmalade/5.2/s3e/edk/lib/android/libedk.a(IwDebug.o)
                0x00004be4                IwDebugTraceSetTraceChannel
 .text.IwDebugErrorRegisterCallback
                0x00004bfc       0x18 /Developer/Marmalade/5.2/s3e/edk/lib/android/libedk.a(IwDebug.o)
                0x00004bfc                IwDebugErrorRegisterCallback
 .text.IwDebugAssertSetUID
                0x00004c14       0x10 /Developer/Marmalade/5.2/s3e/edk/lib/android/libedk.a(IwDebug.o)
                0x00004c14                IwDebugAssertSetUID
 .text._GLOBAL__I_g_DebugGlobals
                0x00004c24       0x8c /Developer/Marmalade/5.2/s3e/edk/lib/android/libedk.a(IwDebug.o)
 .text.IwDebugClearConfigCache
                0x00004cb0       0x80 /Developer/Marmalade/5.2/s3e/edk/lib/android/libedk.a(IwDebug.o)
                0x00004cb0                IwDebugClearConfigCache
 .text.IwDebugErrorShow
                0x00004d30       0xdc /Developer/Marmalade/5.2/s3e/edk/lib/android/libedk.a(IwDebug.o)
                0x00004d30                IwDebugErrorShow
 .text.IwDebugTraceLineVPrintf
                0x00004e0c       0xe8 /Developer/Marmalade/5.2/s3e/edk/lib/android/libedk.a(IwDebug.o)
                0x00004e0c                IwDebugTraceLineVPrintf
 .text.IwDebugTraceLinePrintf
                0x00004ef4       0x30 /Developer/Marmalade/5.2/s3e/edk/lib/android/libedk.a(IwDebug.o)
                0x00004ef4                IwDebugTraceLinePrintf
 .text.IwDebugTraceIsChannelOn
                0x00004f24      0x278 /Developer/Marmalade/5.2/s3e/edk/lib/android/libedk.a(IwDebug.o)
                0x00004f24                IwDebugTraceIsChannelOn
 .text.IwDebugAssertIsChannelOn
                0x0000519c      0x1d0 /Developer/Marmalade/5.2/s3e/edk/lib/android/libedk.a(IwDebug.o)
                0x0000519c                IwDebugAssertIsChannelOn
 .text.IwDebugTraceDisable
                0x0000536c       0x1c /Developer/Marmalade/5.2/s3e/edk/lib/android/libedk.a(IwDebug.o)
                0x0000536c                IwDebugTraceDisable
 .text.IwDebugAssertSetMessage
                0x00005388       0xe4 /Developer/Marmalade/5.2/s3e/edk/lib/android/libedk.a(IwDebug.o)
                0x00005388                IwDebugAssertSetMessage
 .text.IwDebugAssertSetSolution
                0x0000546c       0x90 /Developer/Marmalade/5.2/s3e/edk/lib/android/libedk.a(IwDebug.o)
                0x0000546c                IwDebugAssertSetSolution
 .text.IwDebugAssertShow
                0x000054fc      0x2e8 /Developer/Marmalade/5.2/s3e/edk/lib/android/libedk.a(IwDebug.o)
                0x000054fc                IwDebugAssertShow
 .text.IwDebugTraceChannelSwitch
                0x000057e4      0x458 /Developer/Marmalade/5.2/s3e/edk/lib/android/libedk.a(IwDebug.o)
                0x000057e4                IwDebugTraceChannelSwitch
 .text          0x00005c3c        0x0 /Developer/Marmalade/5.2/s3e/edk/lib/android/libedk.a(edk_helpers.o)
 .text.s3eEdkThreadRunOnOSAsync
                0x00005c3c       0x30 /Developer/Marmalade/5.2/s3e/edk/lib/android/libedk.a(edk_helpers.o)
                0x00005c3c                s3eEdkThreadRunOnOSAsync
 .text.s3eEdkThreadRunOnOS
                0x00005c6c       0x30 /Developer/Marmalade/5.2/s3e/edk/lib/android/libedk.a(edk_helpers.o)
                0x00005c6c                s3eEdkThreadRunOnOS
 .text.s3eEdkErrorSetString
                0x00005c9c       0x30 /Developer/Marmalade/5.2/s3e/edk/lib/android/libedk.a(edk_helpers.o)
                0x00005c9c                s3eEdkErrorSetString
 *(.gnu.warning)
 *(.glue_7t)
 .glue_7t       0x00000000        0x0 linker stubs
 *(.glue_7)
 .glue_7        0x00000000        0x0 linker stubs
 *(.vfp11_veneer)
 .vfp11_veneer  0x00000000        0x0 linker stubs
 *(.v4_bx)
 .v4_bx         0x00000000        0x0 linker stubs

.fini
 *(.fini)
                0x00005ccc                PROVIDE (__etext, .)
                0x00005ccc                PROVIDE (_etext, .)
                0x00005ccc                PROVIDE (etext, .)

.rodata         0x00005ccc     0x11ec
 *(.rodata .rodata.* .gnu.linkonce.r.*)
 .rodata        0x00005ccc      0x62c debug/s3eNOpenFeint_platform.os
 .rodata        0x000062f8      0xaa4 debug/s3eNOpenFeint_register.os
 .rodata.str1.4
                0x00006d9c      0x11c /Developer/Marmalade/5.2/s3e/edk/lib/android/libedk.a(IwDebug.o)
                                0x120 (size before relaxing)

.rodata1
 *(.rodata1)

.ARM.extab      0x00006eb8       0x6c
 *(.ARM.extab* .gnu.linkonce.armextab.*)
 .ARM.extab.text.IwAssertRegisterTextCallback
                0x00006eb8        0x0 /Developer/Marmalade/5.2/s3e/edk/lib/android/libedk.a(IwDebug.o)
 .ARM.extab.text.IwAssertRegisterCallback
                0x00006eb8        0x0 /Developer/Marmalade/5.2/s3e/edk/lib/android/libedk.a(IwDebug.o)
 .ARM.extab.text.IwDebugTraceSetTraceChannel
                0x00006eb8        0x0 /Developer/Marmalade/5.2/s3e/edk/lib/android/libedk.a(IwDebug.o)
 .ARM.extab.text.IwDebugErrorRegisterCallback
                0x00006eb8        0x0 /Developer/Marmalade/5.2/s3e/edk/lib/android/libedk.a(IwDebug.o)
 .ARM.extab.text.IwDebugAssertSetUID
                0x00006eb8        0x0 /Developer/Marmalade/5.2/s3e/edk/lib/android/libedk.a(IwDebug.o)
 .ARM.extab.text._GLOBAL__I_g_DebugGlobals
                0x00006eb8        0x0 /Developer/Marmalade/5.2/s3e/edk/lib/android/libedk.a(IwDebug.o)
 .ARM.extab.text.IwDebugClearConfigCache
                0x00006eb8        0x0 /Developer/Marmalade/5.2/s3e/edk/lib/android/libedk.a(IwDebug.o)
 .ARM.extab.text.IwDebugErrorShow
                0x00006eb8        0xc /Developer/Marmalade/5.2/s3e/edk/lib/android/libedk.a(IwDebug.o)
 .ARM.extab.text.IwDebugTraceLineVPrintf
                0x00006ec4        0xc /Developer/Marmalade/5.2/s3e/edk/lib/android/libedk.a(IwDebug.o)
 .ARM.extab.text.IwDebugTraceLinePrintf
                0x00006ed0        0xc /Developer/Marmalade/5.2/s3e/edk/lib/android/libedk.a(IwDebug.o)
 .ARM.extab.text.IwDebugTraceIsChannelOn
                0x00006edc        0x0 /Developer/Marmalade/5.2/s3e/edk/lib/android/libedk.a(IwDebug.o)
 .ARM.extab.text.IwDebugAssertIsChannelOn
                0x00006edc        0x0 /Developer/Marmalade/5.2/s3e/edk/lib/android/libedk.a(IwDebug.o)
 .ARM.extab.text.IwDebugTraceDisable
                0x00006edc        0xc /Developer/Marmalade/5.2/s3e/edk/lib/android/libedk.a(IwDebug.o)
 .ARM.extab.text.IwDebugAssertSetMessage
                0x00006ee8        0xc /Developer/Marmalade/5.2/s3e/edk/lib/android/libedk.a(IwDebug.o)
 .ARM.extab.text.IwDebugAssertSetSolution
                0x00006ef4        0xc /Developer/Marmalade/5.2/s3e/edk/lib/android/libedk.a(IwDebug.o)
 .ARM.extab.text.IwDebugAssertShow
                0x00006f00        0x0 /Developer/Marmalade/5.2/s3e/edk/lib/android/libedk.a(IwDebug.o)
 .ARM.extab.text.IwDebugTraceChannelSwitch
                0x00006f00        0x0 /Developer/Marmalade/5.2/s3e/edk/lib/android/libedk.a(IwDebug.o)
 .ARM.extab.text.s3eEdkThreadRunOnOSAsync
                0x00006f00        0xc /Developer/Marmalade/5.2/s3e/edk/lib/android/libedk.a(edk_helpers.o)
 .ARM.extab.text.s3eEdkThreadRunOnOS
                0x00006f0c        0xc /Developer/Marmalade/5.2/s3e/edk/lib/android/libedk.a(edk_helpers.o)
 .ARM.extab.text.s3eEdkErrorSetString
                0x00006f18        0xc /Developer/Marmalade/5.2/s3e/edk/lib/android/libedk.a(edk_helpers.o)
                0x00006f24                __exidx_start = .

.ARM.exidx      0x00006f24       0xa0
 *(.ARM.exidx* .gnu.linkonce.armexidx.*)
 .ARM.exidx.text.IwAssertRegisterTextCallback
                0x00006f24        0x8 /Developer/Marmalade/5.2/s3e/edk/lib/android/libedk.a(IwDebug.o)
 .ARM.exidx.text.IwAssertRegisterCallback
                0x00006f2c        0x8 /Developer/Marmalade/5.2/s3e/edk/lib/android/libedk.a(IwDebug.o)
 .ARM.exidx.text.IwDebugTraceSetTraceChannel
                0x00006f34        0x8 /Developer/Marmalade/5.2/s3e/edk/lib/android/libedk.a(IwDebug.o)
 .ARM.exidx.text.IwDebugErrorRegisterCallback
                0x00006f3c        0x8 /Developer/Marmalade/5.2/s3e/edk/lib/android/libedk.a(IwDebug.o)
 .ARM.exidx.text.IwDebugAssertSetUID
                0x00006f44        0x8 /Developer/Marmalade/5.2/s3e/edk/lib/android/libedk.a(IwDebug.o)
 .ARM.exidx.text._GLOBAL__I_g_DebugGlobals
                0x00006f4c        0x8 /Developer/Marmalade/5.2/s3e/edk/lib/android/libedk.a(IwDebug.o)
 .ARM.exidx.text.IwDebugClearConfigCache
                0x00006f54        0x8 /Developer/Marmalade/5.2/s3e/edk/lib/android/libedk.a(IwDebug.o)
 .ARM.exidx.text.IwDebugErrorShow
                0x00006f5c        0x8 /Developer/Marmalade/5.2/s3e/edk/lib/android/libedk.a(IwDebug.o)
 .ARM.exidx.text.IwDebugTraceLineVPrintf
                0x00006f64        0x8 /Developer/Marmalade/5.2/s3e/edk/lib/android/libedk.a(IwDebug.o)
 .ARM.exidx.text.IwDebugTraceLinePrintf
                0x00006f6c        0x8 /Developer/Marmalade/5.2/s3e/edk/lib/android/libedk.a(IwDebug.o)
 .ARM.exidx.text.IwDebugTraceIsChannelOn
                0x00006f74        0x8 /Developer/Marmalade/5.2/s3e/edk/lib/android/libedk.a(IwDebug.o)
 .ARM.exidx.text.IwDebugAssertIsChannelOn
                0x00006f7c        0x8 /Developer/Marmalade/5.2/s3e/edk/lib/android/libedk.a(IwDebug.o)
 .ARM.exidx.text.IwDebugTraceDisable
                0x00006f84        0x8 /Developer/Marmalade/5.2/s3e/edk/lib/android/libedk.a(IwDebug.o)
 .ARM.exidx.text.IwDebugAssertSetMessage
                0x00006f8c        0x8 /Developer/Marmalade/5.2/s3e/edk/lib/android/libedk.a(IwDebug.o)
 .ARM.exidx.text.IwDebugAssertSetSolution
                0x00006f94        0x8 /Developer/Marmalade/5.2/s3e/edk/lib/android/libedk.a(IwDebug.o)
 .ARM.exidx.text.IwDebugAssertShow
                0x00006f9c        0x8 /Developer/Marmalade/5.2/s3e/edk/lib/android/libedk.a(IwDebug.o)
 .ARM.exidx.text.IwDebugTraceChannelSwitch
                0x00006fa4        0x8 /Developer/Marmalade/5.2/s3e/edk/lib/android/libedk.a(IwDebug.o)
 .ARM.exidx.text.s3eEdkThreadRunOnOSAsync
                0x00006fac        0x8 /Developer/Marmalade/5.2/s3e/edk/lib/android/libedk.a(edk_helpers.o)
 .ARM.exidx.text.s3eEdkThreadRunOnOS
                0x00006fb4        0x8 /Developer/Marmalade/5.2/s3e/edk/lib/android/libedk.a(edk_helpers.o)
 .ARM.exidx.text.s3eEdkErrorSetString
                0x00006fbc        0x8 /Developer/Marmalade/5.2/s3e/edk/lib/android/libedk.a(edk_helpers.o)
                0x00006fc4                __exidx_end = .

.eh_frame_hdr
 *(.eh_frame_hdr)

.eh_frame
 *(.eh_frame)

.gcc_except_table
 *(.gcc_except_table .gcc_except_table.*)
                0x00006fc4                . = (ALIGN (0x1000) - ((0x1000 - .) & 0xfff))
                0x00007000                . = (0x1000 DATA_SEGMENT_ALIGN 0x1000)

.eh_frame
 *(.eh_frame)

.gcc_except_table
 *(.gcc_except_table .gcc_except_table.*)

.tdata
 *(.tdata .tdata.* .gnu.linkonce.td.*)

.tbss
 *(.tbss .tbss.* .gnu.linkonce.tb.*)
 *(.tcommon)

.preinit_array
 *(.preinit_array)

.init_array     0x00007000        0x4
 *(SORT(.init_array.*))
 *(.init_array)
 .init_array    0x00007000        0x4 /Developer/Marmalade/5.2/s3e/edk/lib/android/libedk.a(IwDebug.o)

.fini_array
 *(.fini_array)
 *(SORT(.fini_array.*))

.ctors
 *crtbegin.o(.ctors)
 *crtbegin?.o(.ctors)
 *(EXCLUDE_FILE(*crtend?.o *crtend.o) .ctors)
 *(SORT(.ctors.*))
 *(.ctors)

.dtors
 *crtbegin.o(.dtors)
 *crtbegin?.o(.dtors)
 *(EXCLUDE_FILE(*crtend?.o *crtend.o) .dtors)
 *(SORT(.dtors.*))
 *(.dtors)

.jcr
 *(.jcr)

.data.rel.ro
 *(.data.rel.ro.local* .gnu.linkonce.d.rel.ro.local.*)
 *(.data.rel.ro* .gnu.linkonce.d.rel.ro.*)

.dynamic        0x00007004       0xd0
 *(.dynamic)
 .dynamic       0x00007004       0xd0 debug/s3eNOpenFeint_platform.os
                0x00007004                _DYNAMIC
                0x000070d4                . = (. DATA_SEGMENT_RELRO_END 0x0)

.got            0x000070d4      0x104
 *(.got.plt)
 .got.plt       0x000070d4       0x74 debug/s3eNOpenFeint_platform.os
                0x000070d4                _GLOBAL_OFFSET_TABLE_
 *(.got)
 .got           0x00007148       0x90 debug/s3eNOpenFeint_platform.os

.data           0x000071d8        0x0
                0x000071d8                __data_start = .
 *(.data .data.* .gnu.linkonce.d.*)
 .data          0x000071d8        0x0 debug/s3eNOpenFeint_platform.os
 .data          0x000071d8        0x0 debug/s3eNOpenFeint.os
 .data          0x000071d8        0x0 debug/s3eNOpenFeint_register.os
 .data          0x000071d8        0x0 /Developer/Marmalade/5.2/s3e/edk/lib/android/libedk.a(IwDebug.o)
 .data          0x000071d8        0x0 /Developer/Marmalade/5.2/s3e/edk/lib/android/libedk.a(edk_helpers.o)

.data1
 *(.data1)
                0x000071d8                _edata = .
                0x000071d8                PROVIDE (edata, .)
                0x000071d8                __bss_start = .
                0x000071d8                __bss_start__ = .

.bss            0x000071d8     0x1ab4
 *(.dynbss)
 .dynbss        0x00000000        0x0 debug/s3eNOpenFeint_platform.os
 *(.bss .bss.* .gnu.linkonce.b.*)
 .bss           0x000071d8       0x8c debug/s3eNOpenFeint_platform.os
 .bss           0x00007264        0x0 debug/s3eNOpenFeint.os
 .bss           0x00007264        0x0 debug/s3eNOpenFeint_register.os
 .bss           0x00007264     0x1a28 /Developer/Marmalade/5.2/s3e/edk/lib/android/libedk.a(IwDebug.o)
                0x00007264                g_DebugGlobals
 .bss           0x00008c8c        0x0 /Developer/Marmalade/5.2/s3e/edk/lib/android/libedk.a(edk_helpers.o)
 *(COMMON)
                0x00008c8c                . = ALIGN ((. != 0x0)?0x4:0x1)
                0x00008c8c                _bss_end__ = .
                0x00008c8c                __bss_end__ = .
                0x00008c8c                . = ALIGN (0x4)
                0x00008c8c                . = ALIGN (0x4)
                0x00008c8c                __end__ = .
                0x00008c8c                _end = .
                0x00008c8c                PROVIDE (end, .)
                0x00008c8c                . = DATA_SEGMENT_END (.)

.stab
 *(.stab)

.stabstr
 *(.stabstr)

.stab.excl
 *(.stab.excl)

.stab.exclstr
 *(.stab.exclstr)

.stab.index
 *(.stab.index)

.stab.indexstr
 *(.stab.indexstr)

.comment        0x00000000       0x8c
 *(.comment)
 .comment       0x00000000       0x12 debug/s3eNOpenFeint_platform.os
 .comment       0x00000012       0x12 debug/s3eNOpenFeint.os
 .comment       0x00000024       0x12 debug/s3eNOpenFeint_register.os
 .comment       0x00000036       0x2b /Developer/Marmalade/5.2/s3e/edk/lib/android/libedk.a(IwDebug.o)
 .comment       0x00000061       0x2b /Developer/Marmalade/5.2/s3e/edk/lib/android/libedk.a(edk_helpers.o)

.debug
 *(.debug)

.line
 *(.line)

.debug_srcinfo
 *(.debug_srcinfo)

.debug_sfnames
 *(.debug_sfnames)

.debug_aranges  0x00000000       0xc8
 *(.debug_aranges)
 .debug_aranges
                0x00000000       0x88 debug/s3eNOpenFeint_platform.os
 .debug_aranges
                0x00000088       0x20 debug/s3eNOpenFeint.os
 .debug_aranges
                0x000000a8       0x20 debug/s3eNOpenFeint_register.os

.debug_pubnames
                0x00000000      0xe0d
 *(.debug_pubnames)
 .debug_pubnames
                0x00000000      0x7ff debug/s3eNOpenFeint_platform.os
 .debug_pubnames
                0x000007ff      0x55f debug/s3eNOpenFeint.os
 .debug_pubnames
                0x00000d5e       0xaf debug/s3eNOpenFeint_register.os

.debug_info     0x00000000     0x7e16
 *(.debug_info .gnu.linkonce.wi.*)
 .debug_info    0x00000000     0x6a57 debug/s3eNOpenFeint_platform.os
 .debug_info    0x00006a57      0x903 debug/s3eNOpenFeint.os
 .debug_info    0x0000735a      0xabc debug/s3eNOpenFeint_register.os

.debug_abbrev   0x00000000      0x5bd
 *(.debug_abbrev)
 .debug_abbrev  0x00000000      0x2b2 debug/s3eNOpenFeint_platform.os
 .debug_abbrev  0x000002b2      0x142 debug/s3eNOpenFeint.os
 .debug_abbrev  0x000003f4      0x1c9 debug/s3eNOpenFeint_register.os

.debug_line     0x00000000      0xadc
 *(.debug_line)
 .debug_line    0x00000000      0x543 debug/s3eNOpenFeint_platform.os
 .debug_line    0x00000543      0x24d debug/s3eNOpenFeint.os
 .debug_line    0x00000790      0x34c debug/s3eNOpenFeint_register.os

.debug_frame    0x00000000      0xe34
 *(.debug_frame)
 .debug_frame   0x00000000      0x5cc debug/s3eNOpenFeint_platform.os
 .debug_frame   0x000005cc      0x400 debug/s3eNOpenFeint.os
 .debug_frame   0x000009cc      0x468 debug/s3eNOpenFeint_register.os

.debug_str      0x00000000     0x6b01
 *(.debug_str)
 .debug_str     0x00000000     0x5f94 debug/s3eNOpenFeint_platform.os
                               0x615d (size before relaxing)
 .debug_str     0x00005f94       0xe3 debug/s3eNOpenFeint.os
                                0xb1a (size before relaxing)
 .debug_str     0x00006077      0xa8a debug/s3eNOpenFeint_register.os
                               0x1039 (size before relaxing)

.debug_loc      0x00000000     0x141f
 *(.debug_loc)
 .debug_loc     0x00000000      0x8ea debug/s3eNOpenFeint_platform.os
 .debug_loc     0x000008ea      0x558 debug/s3eNOpenFeint.os
 .debug_loc     0x00000e42      0x5dd debug/s3eNOpenFeint_register.os

.debug_macinfo
 *(.debug_macinfo)

.debug_weaknames
 *(.debug_weaknames)

.debug_funcnames
 *(.debug_funcnames)

.debug_typenames
 *(.debug_typenames)

.debug_varnames
 *(.debug_varnames)

.debug_pubtypes
 *(.debug_pubtypes)

.debug_ranges   0x00000000      0x1b0
 *(.debug_ranges)
 .debug_ranges  0x00000000      0x1b0 debug/s3eNOpenFeint_platform.os

.gnu.attributes
 *(.gnu.attributes)

.note.gnu.arm.ident
 *(.note.gnu.arm.ident)

/DISCARD/
 *(.note.GNU-stack)
 *(.gnu_debuglink)
OUTPUT(/Volumes/mac_hd_2/faizan/Documents/myprojects/Mobile/iOS/Marmalalde/community/openfeint/s3eNOpenFeint/lib/android/libs3eNOpenFeint_d.so elf32-littlearm)

.ARM.attributes
                0x00000000       0x2a
 .ARM.attributes
                0x00000000       0x28 debug/s3eNOpenFeint_platform.os
 .ARM.attributes
                0x00000028       0x28 debug/s3eNOpenFeint.os
 .ARM.attributes
                0x00000050       0x28 debug/s3eNOpenFeint_register.os
 .ARM.attributes
                0x00000078       0x2c /Developer/Marmalade/5.2/s3e/edk/lib/android/libedk.a(IwDebug.o)
 .ARM.attributes
                0x000000a4       0x2c /Developer/Marmalade/5.2/s3e/edk/lib/android/libedk.a(edk_helpers.o)
